// Jest Snapshot v1, https://goo.gl/fbAQLP

exports[`arrows.js - flow-verify 1`] = `
ob.forEach(x => ({
  a: "hey",
}));

const h = () => {};
~~~~~~~~~~~~~~~~~~~~~~~~~~~~~~~~~~~~~~~~~~~~~~~~~~~~~~~~~~~~~~~~~~~~~~~~~~~~~~~~
ob.forEach(x => ({
  a: "hey"
}))

const h = () => {}

`;
