// Jest Snapshot v1, https://goo.gl/fbAQLP

exports[`basic.json - json-verify 1`] = `
{
  "a": 1,
  "b": 2
}
~~~~~~~~~~~~~~~~~~~~~~~~~~~~~~~~~~~~~~~~~~~~~~~~~~~~~~~~~~~~~~~~~~~~~~~~~~~~~~~~
{
  a: 1
  b: 2
}

`;
